Import failed: [WinError 1114] A dynamic link library (DLL) initialization routine failed. Error loading "C:\Users\kit27\AppData\Local\Packages\PythonSoftwareFoundation.Python.3.11_qbz5n2kfra8p0\LocalCache\local-packages\Python311\site-packages\torch\lib\c10.dll" or one of its dependencies.
